{
  "message": "Given date does not exists in calendar or is reserved",
  "doctor_id": @uuid@
}
