{
  "message": "Booked!",
  "booking_id": @uuid@
}
