{
  "message": "Booking was successfully canceled!"
}
