{
  "message": "Cannot book visit with errors: doctor must be active",
  "doctor_id": @uuid@
}
