{
  "message": "Cannot book visit with errors: doctor must be premium",
  "doctor_id": @uuid@
}
