{
  "doctor_id": @uuid@,
  "bookings": [
    {
      "date": @string@,
      "patient": @string@
    },
    {
      "date": @string@,
      "patient": @string@
    },
    {
      "date": @string@,
      "patient": @string@
    }
  ]
}
